bin
servers
chdir to servers
fs
init
rs
Makefile
pm
chdir to pm
fs
init
rs
Makefile
pm
done
